// Jest Snapshot v1, https://goo.gl/fbAQLP

exports[`renders basic loader data 1`] = `"<div><div><!-- react-text: 3 -->Posts for : <!-- /react-text --><!-- react-text: 4 -->Clay<!-- /react-text --></div><ul><li>I'm a post</li></ul></div>"`;
